\BOOKMARK [0][]{Doc-Start}{\376\377\000イ\000ン\000ト\000ロ\000ダ\000ク\000シ\000ョ\000ン}{}% 1
\BOOKMARK [0][]{chapter.1}{\376\377\000第\0001\000章\000\040\0002\000,\000\040\0003\000次\000元\000直\000交\000群\000の\000有\000限\000部\000分\000群\000の\000分\000類}{}% 2
\BOOKMARK [1][]{section.1.1}{\376\377\0001\000.\0001\000\040\0002\000次\000元\000直\000交\000群\000の\000有\000限\000部\000分\000群}{chapter.1}% 3
\BOOKMARK [2][]{subsection.1.1.1}{\376\377\0001\000.\0001\000.\0001\000\040\000R\0002\000の\000線\000形\000合\000同\000変\000換\000の\000例}{section.1.1}% 4
\BOOKMARK [2][]{subsection.1.1.2}{\376\377\0001\000.\0001\000.\0002\000\040\000一\000般\000の\000直\000交\000変\000換\000群}{section.1.1}% 5
\BOOKMARK [2][]{subsection.1.1.3}{\376\377\0001\000.\0001\000.\0003\000\040\000二\000次\000元\000直\000交\000群\000と\000そ\000の\000有\000限\000部\000分\000群\000の\000分\000類}{section.1.1}% 6
\BOOKMARK [1][]{section.1.2}{\376\377\0001\000.\0002\000\040\0003\000次\000元\000直\000交\000群\000と\000そ\000の\000有\000限\000部\000分\000群}{chapter.1}% 7
\BOOKMARK [2][]{subsection.1.2.1}{\376\377\0001\000.\0002\000.\0001\000\040\0003\000次\000元\000特\000殊\000直\000交\000群\000の\000有\000限\000部\000分\000群}{section.1.2}% 8
\BOOKMARK [2][]{subsection.1.2.2}{\376\377\0001\000.\0002\000.\0002\000\040\0003\000次\000直\000交\000群\000の\000有\000限\000部\000分\000群}{section.1.2}% 9
\BOOKMARK [1][]{section.1.3}{\376\377\0001\000.\0003\000\040\000`\0003\003\001\0009\000`\0004\0002\000`\000"\003\007\0006\0001\0003\000A\000`\000`\0004\0005\000`\0004\0007\000`\000"\0006\0000\0003\000A\000S\000O\000\050\0003\000\051\000の\000幾\000つ\000か\000の\000有\000限\000部\000分\000群\000の\000構\000造}{chapter.1}% 10
\BOOKMARK [0][]{chapter.2}{\376\377\000第\0002\000章\000\040\000ユ\000ー\000ク\000リ\000ッ\000ド\000平\000面\000の\000結\000晶\000群\000と\000平\000坦\000曲\000面\000の\000分\000類}{}% 11
\BOOKMARK [1][]{section.2.1}{\376\377\0002\000.\0001\000\040\000ユ\000ー\000ク\000リ\000ッ\000ド\000空\000間\000の\000離\000散\000合\000同\000変\000換\000群}{chapter.2}% 12
\BOOKMARK [2][]{subsection.2.1.1}{\376\377\0002\000.\0001\000.\0001\000\040\000ユ\000ー\000ク\000リ\000ッ\000ド\000空\000間\000の\000合\000同\000変\000換\000の\000特\000徴\000付\000け}{section.2.1}% 13
\BOOKMARK [2][]{subsection.2.1.2}{\376\377\0002\000.\0001\000.\0002\000\040\000n\000=\0002\000の\000合\000同\000変\000換\000の\000特\000徴\000付\000け}{section.2.1}% 14
\BOOKMARK [2][]{subsection.2.1.3}{\376\377\0002\000.\0001\000.\0003\000\040\000離\000散\000部\000分\000群}{section.2.1}% 15
\BOOKMARK [1][]{section.2.2}{\376\377\0002\000.\0002\000\040\000R\0002\000の\000離\000散\000合\000同\000変\000換\000群\000の\000分\000類}{chapter.2}% 16
\BOOKMARK [2][]{subsection.2.2.1}{\376\377\0002\000.\0002\000.\0001\000\040\000平\000行\000移\000動\000が\000`\0003\003\001\0009\000`\0004\0002\000`\000"\003\007\0006\0001\0003\000A\000`\000`\0004\0005\000`\0004\0007\000`\000"\0006\0000\0003\000A\000i\000d\000以\000外\000に\000な\000い\000場\000合}{section.2.2}% 17
\BOOKMARK [2][]{subsection.2.2.2}{\376\377\0002\000.\0002\000.\0002\000\040\000平\000行\000移\000動\000が\000一\000次\000元\000に\000限\000る\000場\000合}{section.2.2}% 18
\BOOKMARK [2][]{subsection.2.2.3}{\376\377\0002\000.\0002\000.\0003\000\040\0002\000次\000元\000の\000平\000行\000移\000動\000か\000ら\000な\000る\000場\000合}{section.2.2}% 19
\BOOKMARK [2][]{subsection.2.2.4}{\376\377\0002\000.\0002\000.\0004\000\040\000鏡\000映\000や\000並\000進\000鏡\000映\000を\000含\000ま\000な\000い\000場\000合}{section.2.2}% 20
\BOOKMARK [2][]{subsection.2.2.5}{\376\377\0002\000.\0002\000.\0005\000\040\000c\000a\000s\000e\000\040\0002\000-\0003\000の\000分\000類}{section.2.2}% 21
\BOOKMARK [2][]{subsection.2.2.6}{\376\377\0002\000.\0002\000.\0006\000\040\000ラ\000フ\000な\000離\000散\000群\000の\000分\000類}{section.2.2}% 22
\BOOKMARK [2][]{subsection.2.2.7}{\376\377\0002\000.\0002\000.\0007\000\040\0002\000次\000元\000結\000晶\000群\000の\000分\000類\000の\000図\000示}{section.2.2}% 23
\BOOKMARK [2][]{subsection.2.2.8}{\376\377\0002\000.\0002\000.\0008\000\040\0002\000次\000平\000坦\000多\000様\000体\000の\000分\000類}{section.2.2}% 24
\BOOKMARK [1][]{section.2.3}{\376\377\0002\000.\0003\000\040\000結\000晶\000群\000の\000分\000類\000の\000歴\000史\000と\000発\000展}{chapter.2}% 25
\BOOKMARK [0][]{chapter.3}{\376\377\000第\0003\000章\000\040\000ユ\000ー\000ク\000リ\000ッ\000ド\000幾\000何\000学\000か\000ら\000生\000ま\000れ\000た\000様\000々\000な\000幾\000何\000学}{}% 26
\BOOKMARK [1][]{section.3.1}{\376\377\0003\000.\0001\000\040\000透\000視\000投\000影\000と\0003\000D\000C\000G\000と\000線\000形\000代\000数}{chapter.3}% 27
\BOOKMARK [2][]{subsection.3.1.1}{\376\377\0003\000.\0001\000.\0001\000\040\0003\000D\000C\000G\000と\000遠\000近\000法}{section.3.1}% 28
\BOOKMARK [2][]{subsection.3.1.2}{\376\377\0003\000.\0001\000.\0002\000\040\000\050\000透\000視\000\051\000投\000影}{section.3.1}% 29
\BOOKMARK [2][]{subsection.3.1.3}{\376\377\0003\000.\0001\000.\0003\000\040\000反\000射\000，\000拡\000散\000と\000影}{section.3.1}% 30
\BOOKMARK [2][]{subsection.3.1.4}{\376\377\0003\000.\0001\000.\0004\000\040\000ア\000フ\000ァ\000イ\000ン\000変\000換}{section.3.1}% 31
\BOOKMARK [2][]{subsection.3.1.5}{\376\377\0003\000.\0001\000.\0005\000\040\000モ\000デ\000リ\000ン\000グ\000，\000ビ\000ュ\000ー\000イ\000ン\000グ\000パ\000イ\000プ\000ラ\000イ\000ン}{section.3.1}% 32
\BOOKMARK [1][]{section.3.2}{\376\377\0003\000.\0002\000\040\000射\000影\000幾\000何\000学\000と\000射\000影\000空\000間}{chapter.3}% 33
\BOOKMARK [2][]{subsection.3.2.1}{\376\377\0003\000.\0002\000.\0001\000\040\000投\000影\000を\000使\000っ\000た\000定\000理}{section.3.2}% 34
\BOOKMARK [2][]{subsection.3.2.2}{\376\377\0003\000.\0002\000.\0002\000\040\000遠\000近\000法\000の\000無\000限\000遠\000点}{section.3.2}% 35
\BOOKMARK [2][]{subsection.3.2.3}{\376\377\0003\000.\0002\000.\0003\000\040\000同\000次\000座\000標\000，\000実\000射\000影\000平\000面}{section.3.2}% 36
\BOOKMARK [2][]{subsection.3.2.4}{\376\377\0003\000.\0002\000.\0004\000\040\000射\000影\000変\000換}{section.3.2}% 37
\BOOKMARK [2][]{subsection.3.2.5}{\376\377\0003\000.\0002\000.\0005\000\040\000二\000次\000曲\000線}{section.3.2}% 38
\BOOKMARK [1][]{section.3.3}{\376\377\0003\000.\0003\000\040\000リ\000ー\000マ\000ン\000球\000面\000と\000一\000次\000分\000数\000変\000換}{chapter.3}% 39
\BOOKMARK [2][]{subsection.3.3.1}{\376\377\0003\000.\0003\000.\0001\000\040\000C\000P\0001}{section.3.3}% 40
\BOOKMARK [2][]{subsection.3.3.2}{\376\377\0003\000.\0003\000.\0002\000\040\000一\000次\000変\000換}{section.3.3}% 41
\BOOKMARK [2][]{subsection.3.3.3}{\376\377\0003\000.\0003\000.\0003\000\040\000一\000次\000変\000換\000の\000分\000類}{section.3.3}% 42
\BOOKMARK [1][]{section.3.4}{\376\377\0003\000.\0004\000\040\000S\0002\000\050\0001\000\051\000と\000S\0003\000\050\0001\000\051\000の\000幾\000何\000学}{chapter.3}% 43
\BOOKMARK [2][]{subsection.3.4.1}{\376\377\0003\000.\0004\000.\0001\000\040\000S\0002\000\050\0001\000\051\000の\000微\000分\000幾\000何}{section.3.4}% 44
\BOOKMARK [2][]{subsection.3.4.2}{\376\377\0003\000.\0004\000.\0002\000\040\000`\0003\003\001\0009\000`\0004\0002\000`\000"\003\007\0006\0001\0003\000A\000`\000`\0004\0005\000`\0004\0007\000`\000"\0006\0000\0003\000A\000S\000U\000\050\0002\000\051\000=\000`\0003\003\001\0009\000`\0004\0002\000`\000"\003\007\0006\0001\0003\000A\000`\000`\0004\0005\000`\0004\0007\000`\000"\0006\0000\0003\000A\000S\000p\000\050\0001\000\051\000=\000S\0003\000\050\0001\000\051}{section.3.4}% 45
\BOOKMARK [2][]{subsection.3.4.3}{\376\377\0003\000.\0004\000.\0003\000\040\000S\000O\000\050\0003\000\051\000=\000R\000P\0003}{section.3.4}% 46
\BOOKMARK [1][]{section.3.5}{\376\377\0003\000.\0005\000\040\000楕\000円\000曲\000線\000と\000双\000曲\000幾\000何\000\040}{chapter.3}% 47
\BOOKMARK [2][]{subsection.3.5.1}{\376\377\0003\000.\0005\000.\0001\000\040\000一\000般\000格\000子\000の\000な\000す\000空\000間\000の\000幾\000何\000学}{section.3.5}% 48
\BOOKMARK [2][]{subsection.3.5.2}{\376\377\0003\000.\0005\000.\0002\000\040\000P\000o\000i\000n\000c\000a\000r\000e\000モ\000デ\000ル\000と\000非\000ユ\000ー\000ク\000リ\000ッ\000ド\000幾\000何}{section.3.5}% 49
\BOOKMARK [2][]{subsection.3.5.3}{\376\377\0003\000.\0005\000.\0003\000\040\000楕\000円\000関\000数}{section.3.5}% 50
\BOOKMARK [2][]{subsection.3.5.4}{\376\377\0003\000.\0005\000.\0004\000\040\000M\000o\000d\000u\000l\000a\000r\000\040\000関\000数}{section.3.5}% 51
\BOOKMARK [0][]{appendix.A}{\376\377\000付\000録\000A\000\040\000群\000論\000の\000復\000習\000と\000補\000足}{}% 52
\BOOKMARK [1][]{subsection.A.0.1}{\376\377\000A\000.\0000\000.\0001\000\040\000群\000論\000や\000代\000数\000の\000復\000習}{appendix.A}% 53
\BOOKMARK [2][]{subsection.A.0.2}{\376\377\000A\000.\0000\000.\0002\000\040\000ア\000ミ\000ダ\000ク\000ジ\000と\000置\000換\000群}{subsection.A.0.1}% 54
\BOOKMARK [2][]{subsection.A.0.3}{\376\377\000A\000.\0000\000.\0003\000\040\000置\000換\000群\000と\000交\000代\000群\000の\000構\000造}{subsection.A.0.1}% 55
\BOOKMARK [2][]{subsection.A.0.4}{\376\377\000A\000.\0000\000.\0004\000\040\000類\000等\000式}{subsection.A.0.1}% 56
