This is pdfTeX, Version 3.141592653-2.6-1.40.27 (TeX Live 2025) (preloaded format=etex 2025.5.23)  2 AUG 2026 17:58
entering extended mode
 restricted \write18 enabled.
 %&-line parsing enabled.
**mp54HyJ3.tex
(./mp54HyJ3.tex
! Undefined control sequence.
l.4 \documentclass
                  {article} % In English mode
The control sequence at the end of the top line
of your error message was never \def'ed. If you have
misspelled it (e.g., `\hobx'), type `I' and the correct
spelling (e.g., `I\hbox'). Otherwise just continue,
and I'll forget about whatever was undefined.

! Undefined control sequence.
l.5 \usepackage
               {verbatim}
The control sequence at the end of the top line
of your error message was never \def'ed. If you have
misspelled it (e.g., `\hobx'), type `I' and the correct
spelling (e.g., `I\hbox'). Otherwise just continue,
and I'll forget about whatever was undefined.

! Undefined control sequence.
l.6 \usepackage
               {latexsym}
The control sequence at the end of the top line
of your error message was never \def'ed. If you have
misspelled it (e.g., `\hobx'), type `I' and the correct
spelling (e.g., `I\hbox'). Otherwise just continue,
and I'll forget about whatever was undefined.

! Undefined control sequence.
l.7 \usepackage
               {amssymb}
The control sequence at the end of the top line
of your error message was never \def'ed. If you have
misspelled it (e.g., `\hobx'), type `I' and the correct
spelling (e.g., `I\hbox'). Otherwise just continue,
and I'll forget about whatever was undefined.

! Undefined control sequence.
l.8 \usepackage
               {amsmath}
The control sequence at the end of the top line
of your error message was never \def'ed. If you have
misspelled it (e.g., `\hobx'), type `I' and the correct
spelling (e.g., `I\hbox'). Otherwise just continue,
and I'll forget about whatever was undefined.

! Undefined control sequence.
l.9 \begin
          {document}
The control sequence at the end of the top line
of your error message was never \def'ed. If you have
misspelled it (e.g., `\hobx'), type `I' and the correct
spelling (e.g., `I\hbox'). Otherwise just continue,
and I'll forget about whatever was undefined.

[1]
Missing character: There is no Ë in font cmr10!
Missing character: There is no ¶ in font cmr10!
Missing character: There is no ñ in font cmr10!
Missing character: There is no Á in font cmr10!
Missing character: There is no Ç in font cmr10!
Missing character: There is no π in font cmr10!
 [1]
Missing character: There is no Ê in font cmr10!
Missing character: There is no ä in font cmr10!
Missing character: There is no ï in font cmr10!
Missing character: There is no Â in font cmr10!
Missing character: There is no Ω in font cmr10!
Missing character: There is no ± in font cmr10!
Missing character: There is no È in font cmr10!
Missing character: There is no ù in font cmr10!
Missing character: There is no ¢ in font cmr10!
 [1]
Missing character: There is no Â in font cmr10!
Missing character: There is no § in font cmr10!
Missing character: There is no ™ in font cmr10!
Missing character: There is no È in font cmr10!
Missing character: There is no ô in font cmr10!
Missing character: There is no Ω in font cmr10!
 [1] [1] [1] [1] [1] [1]
Missing character: There is no Â in font cmr10!
Missing character: There is no Ö in font cmr10!
Missing character: There is no â in font cmr10!
Missing character: There is no Ê in font cmr10!
Missing character: There is no ∫ in font cmr10!
Missing character: There is no ê in font cmr10!
 [1]
Missing character: There is no È in font cmr10!
Missing character: There is no è in font cmr10!
Missing character: There is no ° in font cmr10!
Missing character: There is no Ê in font cmr10!
Missing character: There is no ò in font cmr10!
Missing character: There is no † in font cmr10!
 [1]
Missing character: There is no Ë in font cmr10!
Missing character: There is no ¶ in font cmr10!
Missing character: There is no ñ in font cmr10!
Missing character: There is no Á in font cmr10!
Missing character: There is no Ç in font cmr10!
Missing character: There is no π in font cmr10!
 [1] [1]
Missing character: There is no Ê in font cmr10!
Missing character: There is no ä in font cmr10!
Missing character: There is no ï in font cmr10!
Missing character: There is no Â in font cmr10!
Missing character: There is no Ω in font cmr10!
Missing character: There is no ± in font cmr10!
Missing character: There is no Â in font cmr10!
Missing character: There is no ∫ in font cmr10!
Missing character: There is no ß in font cmr10!
Missing character: There is no Ê in font cmr10!
Missing character: There is no ® in font cmr10!
Missing character: There is no ô in font cmr10!
Missing character: There is no Á in font cmr10!
Missing character: There is no ≥ in font cmr10!
Missing character: There is no ª in font cmr10!
 [1]
Missing character: There is no „ in font cmr10!
Missing character: There is no Ç in font cmr10!
Missing character: There is no ´ in font cmr10!
Missing character: There is no „ in font cmr10!
Missing character: There is no É in font cmr10!
Missing character: There is no ° in font cmr10!
Missing character: There is no „ in font cmr10!
Missing character: There is no É in font cmr10!
Missing character: There is no © in font cmr10!
Missing character: There is no Â in font cmr10!
Missing character: There is no ∫ in font cmr10!
Missing character: There is no ß in font cmr10!
Missing character: There is no Ê in font cmr10!
Missing character: There is no ® in font cmr10!
Missing character: There is no ô in font cmr10!
Missing character: There is no Á in font cmr10!
Missing character: There is no ≥ in font cmr10!
Missing character: There is no ª in font cmr10!
 [1]
Missing character: There is no Ë in font cmr10!
Missing character: There is no ¶ in font cmr10!
Missing character: There is no ñ in font cmr10!
Missing character: There is no Á in font cmr10!
Missing character: There is no Ç in font cmr10!
Missing character: There is no π in font cmr10!
 [1]
Missing character: There is no „ in font cmr10!
Missing character: There is no É in font cmr10!
Missing character: There is no Ø in font cmr10!
Missing character: There is no „ in font cmr10!
Missing character: There is no É in font cmr10!
Missing character: There is no º in font cmr10!
Missing character: There is no „ in font cmr10!
Missing character: There is no É in font cmr10!
Missing character: There is no ´ in font cmr10!
Missing character: There is no „ in font cmr10!
Missing character: There is no É in font cmr10!
Missing character: There is no â in font cmr10!
Missing character: There is no Â in font cmr10!
Missing character: There is no ∫ in font cmr10!
Missing character: There is no ß in font cmr10!
Missing character: There is no Ê in font cmr10!
Missing character: There is no ® in font cmr10!
Missing character: There is no ô in font cmr10!
Missing character: There is no Á in font cmr10!
Missing character: There is no ≥ in font cmr10!
Missing character: There is no ª in font cmr10!
 [1]
Missing character: There is no „ in font cmr10!
Missing character: There is no É in font cmr10!
Missing character: There is no ¢ in font cmr10!
Missing character: There is no „ in font cmr10!
Missing character: There is no É in font cmr10!
Missing character: There is no á in font cmr10!
Missing character: There is no „ in font cmr10!
Missing character: There is no É in font cmr10!
Missing character: There is no ™ in font cmr10!
Missing character: There is no „ in font cmr10!
Missing character: There is no É in font cmr10!
Missing character: There is no ≥ in font cmr10!
Missing character: There is no „ in font cmr10!
Missing character: There is no Ç in font cmr10!
Missing character: There is no ∞ in font cmr10!
Missing character: There is no Â in font cmr10!
Missing character: There is no ∫ in font cmr10!
Missing character: There is no ß in font cmr10!
Missing character: There is no Ê in font cmr10!
Missing character: There is no ® in font cmr10!
Missing character: There is no ô in font cmr10!
Missing character: There is no Á in font cmr10!
Missing character: There is no ≥ in font cmr10!
Missing character: There is no ª in font cmr10!
 [1]
! Undefined control sequence.
<recently read> \mathbf 
                        
l.76 $\mathbf
              0$%
The control sequence at the end of the top line
of your error message was never \def'ed. If you have
misspelled it (e.g., `\hobx'), type `I' and the correct
spelling (e.g., `I\hbox'). Otherwise just continue,
and I'll forget about whatever was undefined.

[1] [1] [1] [1] [1] [1] [1]
! Undefined control sequence.
<recently read> \frac 
                      
l.97 $\frac
            yx$%
The control sequence at the end of the top line
of your error message was never \def'ed. If you have
misspelled it (e.g., `\hobx'), type `I' and the correct
spelling (e.g., `I\hbox'). Otherwise just continue,
and I'll forget about whatever was undefined.

[1] [1] [1] [1] [1] [1] [1]
! Undefined control sequence.
<recently read> \mathbf 
                        
l.118 $\mathbf
               0$%
The control sequence at the end of the top line
of your error message was never \def'ed. If you have
misspelled it (e.g., `\hobx'), type `I' and the correct
spelling (e.g., `I\hbox'). Otherwise just continue,
and I'll forget about whatever was undefined.

[1] [1] [1] [1] [1] [1]
! Undefined control sequence.
<recently read> \frac 
                      
l.136 $\frac
            { a}{x+a}y$%
The control sequence at the end of the top line
of your error message was never \def'ed. If you have
misspelled it (e.g., `\hobx'), type `I' and the correct
spelling (e.g., `I\hbox'). Otherwise just continue,
and I'll forget about whatever was undefined.

[1] [1] [1]
Missing character: There is no Ê in font cmr10!
Missing character: There is no ä in font cmr10!
Missing character: There is no ï in font cmr10!
Missing character: There is no Â in font cmr10!
Missing character: There is no Ω in font cmr10!
Missing character: There is no ± in font cmr10!
Missing character: There is no È in font cmr10!
Missing character: There is no ù in font cmr10!
Missing character: There is no ¢ in font cmr10!
 [1] [1]
! Undefined control sequence.
<recently read> \mathbf 
                        
l.151 $\mathbf
               P^2$%
The control sequence at the end of the top line
of your error message was never \def'ed. If you have
misspelled it (e.g., `\hobx'), type `I' and the correct
spelling (e.g., `I\hbox'). Otherwise just continue,
and I'll forget about whatever was undefined.

[1]
! Undefined control sequence.
<recently read> \mathbf 
                        
l.154 $\mathbf
               P^1_0$%
The control sequence at the end of the top line
of your error message was never \def'ed. If you have
misspelled it (e.g., `\hobx'), type `I' and the correct
spelling (e.g., `I\hbox'). Otherwise just continue,
and I'll forget about whatever was undefined.

[1]
! Undefined control sequence.
<recently read> \mathbf 
                        
l.157 $\mathbf
               P^1_2$%
The control sequence at the end of the top line
of your error message was never \def'ed. If you have
misspelled it (e.g., `\hobx'), type `I' and the correct
spelling (e.g., `I\hbox'). Otherwise just continue,
and I'll forget about whatever was undefined.

[1]
! Undefined control sequence.
<recently read> \mathbf 
                        
l.160 $\mathbf
               P^1_1$%
The control sequence at the end of the top line
of your error message was never \def'ed. If you have
misspelled it (e.g., `\hobx'), type `I' and the correct
spelling (e.g., `I\hbox'). Otherwise just continue,
and I'll forget about whatever was undefined.

[1] [1] [1] [1] [1] [1] [1] [1] [1] [1] [1] [1] [1] [1]
! Undefined control sequence.
<recently read> \mathbf 
                        
l.202 $\mathbf
               0$%
The control sequence at the end of the top line
of your error message was never \def'ed. If you have
misspelled it (e.g., `\hobx'), type `I' and the correct
spelling (e.g., `I\hbox'). Otherwise just continue,
and I'll forget about whatever was undefined.

[1] [1] [1]
Missing character: There is no Ê in font cmr10!
Missing character: There is no ä in font cmr10!
Missing character: There is no ï in font cmr10!
Missing character: There is no Â in font cmr10!
Missing character: There is no Ω in font cmr10!
Missing character: There is no ± in font cmr10!
Missing character: There is no È in font cmr10!
Missing character: There is no ù in font cmr10!
Missing character: There is no ¢ in font cmr10!
 [1]
Missing character: There is no Ê in font cmr10!
Missing character: There is no ä in font cmr10!
Missing character: There is no ï in font cmr10!
Missing character: There is no Â in font cmr10!
Missing character: There is no Ω in font cmr10!
Missing character: There is no ± in font cmr10!
Missing character: There is no È in font cmr10!
Missing character: There is no ù in font cmr10!
Missing character: There is no ¢ in font cmr10!
 [1]
Missing character: There is no Ê in font cmr10!
Missing character: There is no ä in font cmr10!
Missing character: There is no ï in font cmr10!
Missing character: There is no Â in font cmr10!
Missing character: There is no Ω in font cmr10!
Missing character: There is no ± in font cmr10!
Missing character: There is no È in font cmr10!
Missing character: There is no ù in font cmr10!
Missing character: There is no ¢ in font cmr10!
 [1] [1] [1] [1] [1] [1] )
Output written on mp54HyJ3.dvi (71 pages, 5268 bytes).
